// Jest Snapshot v1, https://goo.gl/fbAQLP

exports[`Information component should render Information macth snapshot 1`] = `
<DocumentFragment>
  <div
    class="flex items-center justify-between"
  >
    <p
      class="text-sm font-medium text-dark-100"
      role="heading"
    >
      Bagari
    </p>
    <p
      class="text-xs font-light text-dark-75"
      role="heading"
    >
      02/12/2024
    </p>
  </div>
</DocumentFragment>
`;
