// Jest Snapshot v1, https://goo.gl/fbAQLP

exports[`NavItem component should render NavItem macth snapshot 1`] = `
<DocumentFragment>
  <a
    class="flex items-center relative"
    href="/category"
  >
    <p
      class="text-sm font-medium text-dark-100 hover:text-primary-100"
    >
      Category
    </p>
  </a>
</DocumentFragment>
`;
