// Jest Snapshot v1, https://goo.gl/fbAQLP

exports[`CardPostSkeleton component should render CardPostSkeleton macth snapshot 1`] = `
<DocumentFragment>
  <div
    class="flex overflow-hidden"
  >
    <div
      class="animate-pulse mr-4"
    >
      <div
        class="bg-gray-300 h-46.5 w-90 mb-14 rounded-md"
      />
      <div
        class="h-6 bg-gray-300 rounded w-3/4 mb-2"
      />
      <div
        class="h-6 bg-gray-300 rounded w-3/2 mb-2"
      />
      <div
        class="h-6 bg-gray-300 rounded w-3/4 mb-2"
      />
      <div
        class="h-6 bg-gray-300 rounded w-3/2 mb-2"
      />
    </div>
    <div
      class="animate-pulse mr-4"
    >
      <div
        class="bg-gray-300 h-46.5 w-90 mb-14 rounded-md"
      />
      <div
        class="h-6 bg-gray-300 rounded w-3/4 mb-2"
      />
      <div
        class="h-6 bg-gray-300 rounded w-3/2 mb-2"
      />
      <div
        class="h-6 bg-gray-300 rounded w-3/4 mb-2"
      />
      <div
        class="h-6 bg-gray-300 rounded w-3/2 mb-2"
      />
    </div>
    <div
      class="animate-pulse mr-4"
    >
      <div
        class="bg-gray-300 h-46.5 w-90 mb-14 rounded-md"
      />
      <div
        class="h-6 bg-gray-300 rounded w-3/4 mb-2"
      />
      <div
        class="h-6 bg-gray-300 rounded w-3/2 mb-2"
      />
      <div
        class="h-6 bg-gray-300 rounded w-3/4 mb-2"
      />
      <div
        class="h-6 bg-gray-300 rounded w-3/2 mb-2"
      />
    </div>
    <div
      class="animate-pulse mr-4"
    >
      <div
        class="bg-gray-300 h-46.5 w-90 mb-14 rounded-md"
      />
      <div
        class="h-6 bg-gray-300 rounded w-3/4 mb-2"
      />
      <div
        class="h-6 bg-gray-300 rounded w-3/2 mb-2"
      />
      <div
        class="h-6 bg-gray-300 rounded w-3/4 mb-2"
      />
      <div
        class="h-6 bg-gray-300 rounded w-3/2 mb-2"
      />
    </div>
  </div>
</DocumentFragment>
`;
