// Jest Snapshot v1, https://goo.gl/fbAQLP

exports[`PaperVideo component should render PaperVideo macth snapshot 1`] = `
<DocumentFragment>
  <div
    class="flex bg-white-100 h-[210px] w-full p-2.5 rounded-xl"
  >
    <img
      alt="This is museum"
      class="rounded-xl w-[190px] h-[190px]"
      data-nimg="1"
      decoding="async"
      height="190"
      loading="lazy"
      src="/_next/image?url=https%3A%2F%2Fimages.unsplash.com%2Fphoto-1563026915-32eba3e315de%3Fq%3D80%26w%3D2531%26auto%3Dformat%26fit%3Dcrop%26ixlib%3Drb-4.0.3%26ixid%3DM3wxMjA3fDB8MHxwaG90by1wYWdlfHx8fGVufDB8fHx8fA%253D%253D&w=384&q=75"
      srcset="/_next/image?url=https%3A%2F%2Fimages.unsplash.com%2Fphoto-1563026915-32eba3e315de%3Fq%3D80%26w%3D2531%26auto%3Dformat%26fit%3Dcrop%26ixlib%3Drb-4.0.3%26ixid%3DM3wxMjA3fDB8MHxwaG90by1wYWdlfHx8fGVufDB8fHx8fA%253D%253D&w=256&q=75 1x, /_next/image?url=https%3A%2F%2Fimages.unsplash.com%2Fphoto-1563026915-32eba3e315de%3Fq%3D80%26w%3D2531%26auto%3Dformat%26fit%3Dcrop%26ixlib%3Drb-4.0.3%26ixid%3DM3wxMjA3fDB8MHxwaG90by1wYWdlfHx8fGVufDB8fHx8fA%253D%253D&w=384&q=75 2x"
      style="color: transparent;"
      width="190"
    />
    <div
      class="flex flex-1 flex-col gap-1.5 ml-2.5 py-4"
    >
      <h2
        aria-level="2"
        class="text-sm font-medium h-7 text-dark-100 px-1.5 text-ellipsis overflow-hidden"
        role="heading"
      >
        The Privs museum close on 5AM
      </h2>
      <h3
        aria-level="3"
        class="text-md font-light text-dark-75 text-xsm px-1.5 text-ellipsis overflow-hidden"
        role="heading"
      >
        The Privs start close and maintain all of the wall
      </h3>
    </div>
  </div>
</DocumentFragment>
`;
