// Jest Snapshot v1, https://goo.gl/fbAQLP

exports[`Comment component should render Comment macth snapshot 1`] = `
<DocumentFragment>
  <div
    class="bg-white-90 p-4 rounded-xl"
  >
    <h2
      aria-level="2"
      class="text-sm font-medium text-dark-100"
      role="heading"
    >
      Raiden
    </h2>
    <h3
      aria-level="3"
      class="text-md font-light text-p text-dark-75"
      role="heading"
    >
      How the weather today?
    </h3>
  </div>
</DocumentFragment>
`;
