// Jest Snapshot v1, https://goo.gl/fbAQLP

exports[`Avatar component should render Avatar macth snapshot 1`] = `
<DocumentFragment>
  <img
    alt="member"
    class="rounded-xl"
    data-nimg="1"
    decoding="async"
    height="10"
    loading="lazy"
    src="/_next/image?url=https%3A%2F%2Fimages.unsplash.com%2Fphoto-1535713875002-d1d0cf377fde%3Fixid%3DMnwxMjA3fDB8MHxwaG90by1wYWdlfHx8fGVufDB8fHx8%26ixlib%3Drb-1.2.1%26auto%3Dformat%26fit%3Dcrop%26w%3D250%26q%3D80&w=32&q=75"
    srcset="/_next/image?url=https%3A%2F%2Fimages.unsplash.com%2Fphoto-1535713875002-d1d0cf377fde%3Fixid%3DMnwxMjA3fDB8MHxwaG90by1wYWdlfHx8fGVufDB8fHx8%26ixlib%3Drb-1.2.1%26auto%3Dformat%26fit%3Dcrop%26w%3D250%26q%3D80&w=16&q=75 1x, /_next/image?url=https%3A%2F%2Fimages.unsplash.com%2Fphoto-1535713875002-d1d0cf377fde%3Fixid%3DMnwxMjA3fDB8MHxwaG90by1wYWdlfHx8fGVufDB8fHx8%26ixlib%3Drb-1.2.1%26auto%3Dformat%26fit%3Dcrop%26w%3D250%26q%3D80&w=32&q=75 2x"
    style="color: transparent; height: 10px;"
    width="10"
  />
</DocumentFragment>
`;
