// Jest Snapshot v1, https://goo.gl/fbAQLP

exports[`SubMenu component should render SubMenu macth snapshot 1`] = `
<DocumentFragment>
  <div
    class="flex items-center justify-center py-5 px-4 w-90 bg-white-100 rounded-xl shadow-xl"
    data-testid="sub-menu"
  >
    <ul
      class="list-none w-full grid grid-cols-2 grid-rows-5"
    >
      <li
        class="mb-2 last:mb-0"
      >
        <a
          href="/category/World"
        >
          <p
            aria-level="7"
            class="text-xs font-medium text-dark-75 hover:text-secondary-100 cursor-pointer"
            role="heading"
          >
            World News
          </p>
        </a>
      </li>
      <li
        class="mb-2 last:mb-0"
      >
        <a
          href="/category/National"
        >
          <p
            aria-level="7"
            class="text-xs font-medium text-dark-75 hover:text-secondary-100 cursor-pointer"
            role="heading"
          >
            National News
          </p>
        </a>
      </li>
      <li
        class="mb-2 last:mb-0"
      >
        <a
          href="/category/Local"
        >
          <p
            aria-level="7"
            class="text-xs font-medium text-dark-75 hover:text-secondary-100 cursor-pointer"
            role="heading"
          >
            Local News
          </p>
        </a>
      </li>
      <li
        class="mb-2 last:mb-0"
      >
        <a
          href="/category/Business"
        >
          <p
            aria-level="7"
            class="text-xs font-medium text-dark-75 hover:text-secondary-100 cursor-pointer"
            role="heading"
          >
            Business and Finance
          </p>
        </a>
      </li>
      <li
        class="mb-2 last:mb-0"
      >
        <a
          href="/category/Technology"
        >
          <p
            aria-level="7"
            class="text-xs font-medium text-dark-75 hover:text-secondary-100 cursor-pointer"
            role="heading"
          >
            Technology
          </p>
        </a>
      </li>
      <li
        class="mb-2 last:mb-0"
      >
        <a
          href="/category/Health"
        >
          <p
            aria-level="7"
            class="text-xs font-medium text-dark-75 hover:text-secondary-100 cursor-pointer"
            role="heading"
          >
            Health and Wellness
          </p>
        </a>
      </li>
      <li
        class="mb-2 last:mb-0"
      >
        <a
          href="/category/Science"
        >
          <p
            aria-level="7"
            class="text-xs font-medium text-dark-75 hover:text-secondary-100 cursor-pointer"
            role="heading"
          >
            Science and Environment
          </p>
        </a>
      </li>
      <li
        class="mb-2 last:mb-0"
      >
        <a
          href="/category/Entertainment"
        >
          <p
            aria-level="7"
            class="text-xs font-medium text-dark-75 hover:text-secondary-100 cursor-pointer"
            role="heading"
          >
            Entertainment
          </p>
        </a>
      </li>
      <li
        class="mb-2 last:mb-0"
      >
        <a
          href="/category/Sports"
        >
          <p
            aria-level="7"
            class="text-xs font-medium text-dark-75 hover:text-secondary-100 cursor-pointer"
            role="heading"
          >
            Sports
          </p>
        </a>
      </li>
      <li
        class="mb-2 last:mb-0"
      >
        <a
          href="/category/Lifestyle"
        >
          <p
            aria-level="7"
            class="text-xs font-medium text-dark-75 hover:text-secondary-100 cursor-pointer"
            role="heading"
          >
            Lifestyle
          </p>
        </a>
      </li>
    </ul>
  </div>
</DocumentFragment>
`;
