// Jest Snapshot v1, https://goo.gl/fbAQLP

exports[`CardVerticalSkeleton component should render CardVerticalSkeleton macth snapshot 1`] = `
<DocumentFragment>
  <div
    class="col-span-12 2xl:col-span-6 w-full 2xl:w-[744px]"
  >
    <div
      class="animate-pulse flex flex-col sm:flex-row"
    >
      <div
        class="bg-gray-300 h-50 w-72 rounded-md mb-4 sm:mb-0"
      />
      <div
        class="flex flex-col justify-end flex-1 sm:ml-10"
      >
        <div
          class="h-8 bg-gray-300 rounded w-3/4 mb-2"
        />
        <div
          class="h-8 bg-gray-300 rounded w-3/2 mb-2"
        />
        <div
          class="h-8 bg-gray-300 rounded w-3/4 mb-2"
        />
        <div
          class="h-8 bg-gray-300 rounded w-3/2 mb-2"
        />
      </div>
    </div>
  </div>
</DocumentFragment>
`;
